INFO:__main__:{'history_length': 6, 'history': [-0.40451269647131916, -0.40453203439541136, -0.40453418068308933, -0.4045344466263828, -0.4045344802352159, -0.4045344845547188]}
